nohup: ignoring input
   image_num  vote_1    vote_2  ...    vote_8    vote_9   vote_10
0     953417     0.0  0.000000  ...  0.080645  0.024194  0.008065
1     953777     0.0  0.023438  ...  0.164062  0.062500  0.023438
2     953756     0.0  0.015625  ...  0.039062  0.015625  0.015625
3     954195     0.0  0.008197  ...  0.008197  0.000000  0.016393
4     953903     0.0  0.008065  ...  0.072581  0.024194  0.016129

[5 rows x 11 columns]
Index(['image_num', 'vote_1', 'vote_2', 'vote_3', 'vote_4', 'vote_5', 'vote_6',
       'vote_7', 'vote_8', 'vote_9', 'vote_10'],
      dtype='object')
2.5.1+cu121
0.20.1+cu121
/home/elicer/.local/lib/python3.10/site-packages/torch/__init__.py
/home/elicer/.local/lib/python3.10/site-packages/torchvision/__init__.py
204406 25551 25551
/home/elicer/.local/lib/python3.10/site-packages/torch/utils/data/dataloader.py:617: UserWarning: This DataLoader will create 8 worker processes in total. Our suggested max number of worker in current system is 4, which is smaller than what this DataLoader is going to create. Please be aware that excessive worker creation might get DataLoader running slow or even freeze, lower the worker number to avoid potential slowness/freeze if necessary.
  warnings.warn(
torch.Size([64, 3, 224, 224])
torch.Size([64, 10])
tensor(1.)
/home/elicer/nima_with_ResNet50.py:322: FutureWarning: `torch.cuda.amp.GradScaler(args...)` is deprecated. Please use `torch.amp.GradScaler('cuda', args...)` instead.
  scaler = torch.cuda.amp.GradScaler()
True
Starting training...
/home/elicer/nima_with_ResNet50.py:398: FutureWarning: `torch.cuda.amp.autocast(args...)` is deprecated. Please use `torch.amp.autocast('cuda', args...)` instead.
  with torch.cuda.amp.autocast():
Epoch [1/100], Step [100/3194] Loss: 0.0164
/home/elicer/.local/lib/python3.10/site-packages/PIL/TiffImagePlugin.py:949: UserWarning: Truncated File Read
  warnings.warn(str(msg))
Epoch [1/100], Step [200/3194] Loss: 0.0141
/home/elicer/.local/lib/python3.10/site-packages/PIL/TiffImagePlugin.py:949: UserWarning: Truncated File Read
  warnings.warn(str(msg))
Epoch [1/100], Step [300/3194] Loss: 0.0130
/home/elicer/.local/lib/python3.10/site-packages/PIL/TiffImagePlugin.py:949: UserWarning: Truncated File Read
  warnings.warn(str(msg))
Epoch [1/100], Step [400/3194] Loss: 0.0124
Epoch [1/100], Step [500/3194] Loss: 0.0119
/home/elicer/.local/lib/python3.10/site-packages/PIL/TiffImagePlugin.py:949: UserWarning: Truncated File Read
  warnings.warn(str(msg))
Epoch [1/100], Step [600/3194] Loss: 0.0115
Epoch [1/100], Step [700/3194] Loss: 0.0112
/home/elicer/.local/lib/python3.10/site-packages/PIL/TiffImagePlugin.py:949: UserWarning: Truncated File Read
  warnings.warn(str(msg))
Epoch [1/100], Step [800/3194] Loss: 0.0110
Epoch [1/100], Step [900/3194] Loss: 0.0108
/home/elicer/.local/lib/python3.10/site-packages/PIL/TiffImagePlugin.py:949: UserWarning: Truncated File Read
  warnings.warn(str(msg))
Epoch [1/100], Step [1000/3194] Loss: 0.0106
Epoch [1/100], Step [1100/3194] Loss: 0.0105
Epoch [1/100], Step [1200/3194] Loss: 0.0104
Epoch [1/100], Step [1300/3194] Loss: 0.0103
Epoch [1/100], Step [1400/3194] Loss: 0.0102
Epoch [1/100], Step [1500/3194] Loss: 0.0101
/home/elicer/.local/lib/python3.10/site-packages/PIL/TiffImagePlugin.py:949: UserWarning: Truncated File Read
  warnings.warn(str(msg))
/home/elicer/.local/lib/python3.10/site-packages/PIL/TiffImagePlugin.py:949: UserWarning: Truncated File Read
  warnings.warn(str(msg))
Epoch [1/100], Step [1600/3194] Loss: 0.0100
/home/elicer/.local/lib/python3.10/site-packages/PIL/TiffImagePlugin.py:949: UserWarning: Truncated File Read
  warnings.warn(str(msg))
Epoch [1/100], Step [1700/3194] Loss: 0.0099
Epoch [1/100], Step [1800/3194] Loss: 0.0098
Epoch [1/100], Step [1900/3194] Loss: 0.0098
Epoch [1/100], Step [2000/3194] Loss: 0.0097
/home/elicer/.local/lib/python3.10/site-packages/PIL/TiffImagePlugin.py:949: UserWarning: Truncated File Read
  warnings.warn(str(msg))
Epoch [1/100], Step [2100/3194] Loss: 0.0097
/home/elicer/.local/lib/python3.10/site-packages/PIL/TiffImagePlugin.py:949: UserWarning: Truncated File Read
  warnings.warn(str(msg))
Epoch [1/100], Step [2200/3194] Loss: 0.0096
Epoch [1/100], Step [2300/3194] Loss: 0.0096
/home/elicer/.local/lib/python3.10/site-packages/PIL/TiffImagePlugin.py:949: UserWarning: Truncated File Read
  warnings.warn(str(msg))
Epoch [1/100], Step [2400/3194] Loss: 0.0095
Epoch [1/100], Step [2500/3194] Loss: 0.0095
Epoch [1/100], Step [2600/3194] Loss: 0.0094
Epoch [1/100], Step [2700/3194] Loss: 0.0094
Epoch [1/100], Step [2800/3194] Loss: 0.0094
Epoch [1/100], Step [2900/3194] Loss: 0.0093
Epoch [1/100], Step [3000/3194] Loss: 0.0093
Epoch [1/100], Step [3100/3194] Loss: 0.0093
/home/elicer/.local/lib/python3.10/site-packages/PIL/TiffImagePlugin.py:949: UserWarning: Truncated File Read
  warnings.warn(str(msg))
/home/elicer/nima_with_ResNet50.py:340: FutureWarning: `torch.cuda.amp.autocast(args...)` is deprecated. Please use `torch.amp.autocast('cuda', args...)` instead.
  with torch.cuda.amp.autocast():
/home/elicer/.local/lib/python3.10/site-packages/PIL/TiffImagePlugin.py:949: UserWarning: Truncated File Read
  warnings.warn(str(msg))
/home/elicer/.local/lib/python3.10/site-packages/PIL/TiffImagePlugin.py:949: UserWarning: Truncated File Read
  warnings.warn(str(msg))
Epoch [1/100] Validation Loss: 0.0084 Validation MAE: 0.4827
Best model saved.
Epoch [2/100], Step [100/3194] Loss: 0.0083
Epoch [2/100], Step [200/3194] Loss: 0.0083
/home/elicer/.local/lib/python3.10/site-packages/PIL/TiffImagePlugin.py:949: UserWarning: Truncated File Read
  warnings.warn(str(msg))
Epoch [2/100], Step [300/3194] Loss: 0.0082
/home/elicer/.local/lib/python3.10/site-packages/PIL/TiffImagePlugin.py:949: UserWarning: Truncated File Read
  warnings.warn(str(msg))
Epoch [2/100], Step [400/3194] Loss: 0.0082
/home/elicer/.local/lib/python3.10/site-packages/PIL/TiffImagePlugin.py:949: UserWarning: Truncated File Read
  warnings.warn(str(msg))
Epoch [2/100], Step [500/3194] Loss: 0.0082
Epoch [2/100], Step [600/3194] Loss: 0.0082
/home/elicer/.local/lib/python3.10/site-packages/PIL/TiffImagePlugin.py:949: UserWarning: Truncated File Read
  warnings.warn(str(msg))
/home/elicer/.local/lib/python3.10/site-packages/PIL/TiffImagePlugin.py:949: UserWarning: Truncated File Read
  warnings.warn(str(msg))
Epoch [2/100], Step [700/3194] Loss: 0.0082
Epoch [2/100], Step [800/3194] Loss: 0.0083
Epoch [2/100], Step [900/3194] Loss: 0.0083
Epoch [2/100], Step [1000/3194] Loss: 0.0082
/home/elicer/.local/lib/python3.10/site-packages/PIL/TiffImagePlugin.py:949: UserWarning: Truncated File Read
  warnings.warn(str(msg))
Epoch [2/100], Step [1100/3194] Loss: 0.0083
Epoch [2/100], Step [1200/3194] Loss: 0.0082
Epoch [2/100], Step [1300/3194] Loss: 0.0082
Epoch [2/100], Step [1400/3194] Loss: 0.0083
/home/elicer/.local/lib/python3.10/site-packages/PIL/TiffImagePlugin.py:949: UserWarning: Truncated File Read
  warnings.warn(str(msg))
Epoch [2/100], Step [1500/3194] Loss: 0.0083
Epoch [2/100], Step [1600/3194] Loss: 0.0082
Epoch [2/100], Step [1700/3194] Loss: 0.0082
Epoch [2/100], Step [1800/3194] Loss: 0.0082
Epoch [2/100], Step [1900/3194] Loss: 0.0082
Epoch [2/100], Step [2000/3194] Loss: 0.0082
Epoch [2/100], Step [2100/3194] Loss: 0.0082
Epoch [2/100], Step [2200/3194] Loss: 0.0082
/home/elicer/.local/lib/python3.10/site-packages/PIL/TiffImagePlugin.py:949: UserWarning: Truncated File Read
  warnings.warn(str(msg))
Epoch [2/100], Step [2300/3194] Loss: 0.0082
Epoch [2/100], Step [2400/3194] Loss: 0.0082
/home/elicer/.local/lib/python3.10/site-packages/PIL/TiffImagePlugin.py:949: UserWarning: Truncated File Read
  warnings.warn(str(msg))
Epoch [2/100], Step [2500/3194] Loss: 0.0082
Epoch [2/100], Step [2600/3194] Loss: 0.0082
/home/elicer/.local/lib/python3.10/site-packages/PIL/TiffImagePlugin.py:949: UserWarning: Truncated File Read
  warnings.warn(str(msg))
Epoch [2/100], Step [2700/3194] Loss: 0.0082
/home/elicer/.local/lib/python3.10/site-packages/PIL/TiffImagePlugin.py:949: UserWarning: Truncated File Read
  warnings.warn(str(msg))
/home/elicer/.local/lib/python3.10/site-packages/PIL/TiffImagePlugin.py:949: UserWarning: Truncated File Read
  warnings.warn(str(msg))
Epoch [2/100], Step [2800/3194] Loss: 0.0082
/home/elicer/.local/lib/python3.10/site-packages/PIL/TiffImagePlugin.py:949: UserWarning: Truncated File Read
  warnings.warn(str(msg))
Epoch [2/100], Step [2900/3194] Loss: 0.0082
Epoch [2/100], Step [3000/3194] Loss: 0.0082
Epoch [2/100], Step [3100/3194] Loss: 0.0082
/home/elicer/.local/lib/python3.10/site-packages/PIL/TiffImagePlugin.py:949: UserWarning: Truncated File Read
  warnings.warn(str(msg))
/home/elicer/.local/lib/python3.10/site-packages/PIL/TiffImagePlugin.py:949: UserWarning: Truncated File Read
  warnings.warn(str(msg))
Epoch [2/100] Validation Loss: 0.0082 Validation MAE: 0.4777
Best model saved.
Epoch [3/100], Step [100/3194] Loss: 0.0082
/home/elicer/.local/lib/python3.10/site-packages/PIL/TiffImagePlugin.py:949: UserWarning: Truncated File Read
  warnings.warn(str(msg))
Epoch [3/100], Step [200/3194] Loss: 0.0081
/home/elicer/.local/lib/python3.10/site-packages/PIL/TiffImagePlugin.py:949: UserWarning: Truncated File Read
  warnings.warn(str(msg))
Epoch [3/100], Step [300/3194] Loss: 0.0080
Epoch [3/100], Step [400/3194] Loss: 0.0081
/home/elicer/.local/lib/python3.10/site-packages/PIL/TiffImagePlugin.py:949: UserWarning: Truncated File Read
  warnings.warn(str(msg))
Epoch [3/100], Step [500/3194] Loss: 0.0081
Epoch [3/100], Step [600/3194] Loss: 0.0081
Epoch [3/100], Step [700/3194] Loss: 0.0081
Epoch [3/100], Step [800/3194] Loss: 0.0081
/home/elicer/.local/lib/python3.10/site-packages/PIL/TiffImagePlugin.py:949: UserWarning: Truncated File Read
  warnings.warn(str(msg))
Epoch [3/100], Step [900/3194] Loss: 0.0081
/home/elicer/.local/lib/python3.10/site-packages/PIL/TiffImagePlugin.py:949: UserWarning: Truncated File Read
  warnings.warn(str(msg))
Epoch [3/100], Step [1000/3194] Loss: 0.0081
Epoch [3/100], Step [1100/3194] Loss: 0.0081
Epoch [3/100], Step [1200/3194] Loss: 0.0081
Epoch [3/100], Step [1300/3194] Loss: 0.0081
/home/elicer/.local/lib/python3.10/site-packages/PIL/TiffImagePlugin.py:949: UserWarning: Truncated File Read
  warnings.warn(str(msg))
Epoch [3/100], Step [1400/3194] Loss: 0.0081
Epoch [3/100], Step [1500/3194] Loss: 0.0081
/home/elicer/.local/lib/python3.10/site-packages/PIL/TiffImagePlugin.py:949: UserWarning: Truncated File Read
  warnings.warn(str(msg))
Epoch [3/100], Step [1600/3194] Loss: 0.0081
Epoch [3/100], Step [1700/3194] Loss: 0.0080
/home/elicer/.local/lib/python3.10/site-packages/PIL/TiffImagePlugin.py:949: UserWarning: Truncated File Read
  warnings.warn(str(msg))
Epoch [3/100], Step [1800/3194] Loss: 0.0081
/home/elicer/.local/lib/python3.10/site-packages/PIL/TiffImagePlugin.py:949: UserWarning: Truncated File Read
  warnings.warn(str(msg))
Epoch [3/100], Step [1900/3194] Loss: 0.0081
Epoch [3/100], Step [2000/3194] Loss: 0.0081
/home/elicer/.local/lib/python3.10/site-packages/PIL/TiffImagePlugin.py:949: UserWarning: Truncated File Read
  warnings.warn(str(msg))
Epoch [3/100], Step [2100/3194] Loss: 0.0081
/home/elicer/.local/lib/python3.10/site-packages/PIL/TiffImagePlugin.py:949: UserWarning: Truncated File Read
  warnings.warn(str(msg))
Epoch [3/100], Step [2200/3194] Loss: 0.0080
Epoch [3/100], Step [2300/3194] Loss: 0.0081
Epoch [3/100], Step [2400/3194] Loss: 0.0081
Epoch [3/100], Step [2500/3194] Loss: 0.0080
/home/elicer/.local/lib/python3.10/site-packages/PIL/TiffImagePlugin.py:949: UserWarning: Truncated File Read
  warnings.warn(str(msg))
Epoch [3/100], Step [2600/3194] Loss: 0.0080
/home/elicer/.local/lib/python3.10/site-packages/PIL/TiffImagePlugin.py:949: UserWarning: Truncated File Read
  warnings.warn(str(msg))
Epoch [3/100], Step [2700/3194] Loss: 0.0080
Epoch [3/100], Step [2800/3194] Loss: 0.0080
Epoch [3/100], Step [2900/3194] Loss: 0.0080
Epoch [3/100], Step [3000/3194] Loss: 0.0080
Epoch [3/100], Step [3100/3194] Loss: 0.0080
/home/elicer/.local/lib/python3.10/site-packages/PIL/TiffImagePlugin.py:949: UserWarning: Truncated File Read
  warnings.warn(str(msg))
/home/elicer/.local/lib/python3.10/site-packages/PIL/TiffImagePlugin.py:949: UserWarning: Truncated File Read
  warnings.warn(str(msg))
Epoch [3/100] Validation Loss: 0.0081 Validation MAE: 0.4755
Best model saved.
Unfreezing ResNet50 layer4
/home/elicer/.local/lib/python3.10/site-packages/PIL/TiffImagePlugin.py:949: UserWarning: Truncated File Read
  warnings.warn(str(msg))
Epoch [4/100], Step [100/3194] Loss: 0.0080
/home/elicer/.local/lib/python3.10/site-packages/PIL/TiffImagePlugin.py:949: UserWarning: Truncated File Read
  warnings.warn(str(msg))
Epoch [4/100], Step [200/3194] Loss: 0.0079
Epoch [4/100], Step [300/3194] Loss: 0.0079
/home/elicer/.local/lib/python3.10/site-packages/PIL/TiffImagePlugin.py:949: UserWarning: Truncated File Read
  warnings.warn(str(msg))
/home/elicer/.local/lib/python3.10/site-packages/PIL/TiffImagePlugin.py:949: UserWarning: Truncated File Read
  warnings.warn(str(msg))
Epoch [4/100], Step [400/3194] Loss: 0.0078
Epoch [4/100], Step [500/3194] Loss: 0.0078
Epoch [4/100], Step [600/3194] Loss: 0.0078
Epoch [4/100], Step [700/3194] Loss: 0.0078
/home/elicer/.local/lib/python3.10/site-packages/PIL/TiffImagePlugin.py:949: UserWarning: Truncated File Read
  warnings.warn(str(msg))
Epoch [4/100], Step [800/3194] Loss: 0.0078
Epoch [4/100], Step [900/3194] Loss: 0.0077
Epoch [4/100], Step [1000/3194] Loss: 0.0077
Epoch [4/100], Step [1100/3194] Loss: 0.0077
Epoch [4/100], Step [1200/3194] Loss: 0.0077
Epoch [4/100], Step [1300/3194] Loss: 0.0077
Epoch [4/100], Step [1400/3194] Loss: 0.0076
/home/elicer/.local/lib/python3.10/site-packages/PIL/TiffImagePlugin.py:949: UserWarning: Truncated File Read
  warnings.warn(str(msg))
Epoch [4/100], Step [1500/3194] Loss: 0.0076
/home/elicer/.local/lib/python3.10/site-packages/PIL/TiffImagePlugin.py:949: UserWarning: Truncated File Read
  warnings.warn(str(msg))
Epoch [4/100], Step [1600/3194] Loss: 0.0076
Epoch [4/100], Step [1700/3194] Loss: 0.0076
Epoch [4/100], Step [1800/3194] Loss: 0.0076
Epoch [4/100], Step [1900/3194] Loss: 0.0076
/home/elicer/.local/lib/python3.10/site-packages/PIL/TiffImagePlugin.py:949: UserWarning: Truncated File Read
  warnings.warn(str(msg))
Epoch [4/100], Step [2000/3194] Loss: 0.0076
Epoch [4/100], Step [2100/3194] Loss: 0.0075
Epoch [4/100], Step [2200/3194] Loss: 0.0075
/home/elicer/.local/lib/python3.10/site-packages/PIL/TiffImagePlugin.py:949: UserWarning: Truncated File Read
  warnings.warn(str(msg))
Epoch [4/100], Step [2300/3194] Loss: 0.0075
Epoch [4/100], Step [2400/3194] Loss: 0.0075
Epoch [4/100], Step [2500/3194] Loss: 0.0075
Epoch [4/100], Step [2600/3194] Loss: 0.0075
Epoch [4/100], Step [2700/3194] Loss: 0.0075
/home/elicer/.local/lib/python3.10/site-packages/PIL/TiffImagePlugin.py:949: UserWarning: Truncated File Read
  warnings.warn(str(msg))
/home/elicer/.local/lib/python3.10/site-packages/PIL/TiffImagePlugin.py:949: UserWarning: Truncated File Read
  warnings.warn(str(msg))
Epoch [4/100], Step [2800/3194] Loss: 0.0075
Epoch [4/100], Step [2900/3194] Loss: 0.0075
/home/elicer/.local/lib/python3.10/site-packages/PIL/TiffImagePlugin.py:949: UserWarning: Truncated File Read
  warnings.warn(str(msg))
Epoch [4/100], Step [3000/3194] Loss: 0.0075
Epoch [4/100], Step [3100/3194] Loss: 0.0075
/home/elicer/.local/lib/python3.10/site-packages/PIL/TiffImagePlugin.py:949: UserWarning: Truncated File Read
  warnings.warn(str(msg))
/home/elicer/.local/lib/python3.10/site-packages/PIL/TiffImagePlugin.py:949: UserWarning: Truncated File Read
  warnings.warn(str(msg))
/home/elicer/.local/lib/python3.10/site-packages/PIL/TiffImagePlugin.py:949: UserWarning: Truncated File Read
  warnings.warn(str(msg))
Epoch [4/100] Validation Loss: 0.0071 Validation MAE: 0.4442
Best model saved.
Epoch [5/100], Step [100/3194] Loss: 0.0068
/home/elicer/.local/lib/python3.10/site-packages/PIL/TiffImagePlugin.py:949: UserWarning: Truncated File Read
  warnings.warn(str(msg))
Epoch [5/100], Step [200/3194] Loss: 0.0069
/home/elicer/.local/lib/python3.10/site-packages/PIL/TiffImagePlugin.py:949: UserWarning: Truncated File Read
  warnings.warn(str(msg))
Epoch [5/100], Step [300/3194] Loss: 0.0069
/home/elicer/.local/lib/python3.10/site-packages/PIL/TiffImagePlugin.py:949: UserWarning: Truncated File Read
  warnings.warn(str(msg))
Epoch [5/100], Step [400/3194] Loss: 0.0069
/home/elicer/.local/lib/python3.10/site-packages/PIL/TiffImagePlugin.py:949: UserWarning: Truncated File Read
  warnings.warn(str(msg))
Epoch [5/100], Step [500/3194] Loss: 0.0069
/home/elicer/.local/lib/python3.10/site-packages/PIL/TiffImagePlugin.py:949: UserWarning: Truncated File Read
  warnings.warn(str(msg))
Epoch [5/100], Step [600/3194] Loss: 0.0069
Epoch [5/100], Step [700/3194] Loss: 0.0069
/home/elicer/.local/lib/python3.10/site-packages/PIL/TiffImagePlugin.py:949: UserWarning: Truncated File Read
  warnings.warn(str(msg))
Epoch [5/100], Step [800/3194] Loss: 0.0069
Epoch [5/100], Step [900/3194] Loss: 0.0069
/home/elicer/.local/lib/python3.10/site-packages/PIL/TiffImagePlugin.py:949: UserWarning: Truncated File Read
  warnings.warn(str(msg))
Epoch [5/100], Step [1000/3194] Loss: 0.0069
Epoch [5/100], Step [1100/3194] Loss: 0.0069
Epoch [5/100], Step [1200/3194] Loss: 0.0069
/home/elicer/.local/lib/python3.10/site-packages/PIL/TiffImagePlugin.py:949: UserWarning: Truncated File Read
  warnings.warn(str(msg))
Epoch [5/100], Step [1300/3194] Loss: 0.0069
Epoch [5/100], Step [1400/3194] Loss: 0.0069
Epoch [5/100], Step [1500/3194] Loss: 0.0068
/home/elicer/.local/lib/python3.10/site-packages/PIL/TiffImagePlugin.py:949: UserWarning: Truncated File Read
  warnings.warn(str(msg))
Epoch [5/100], Step [1600/3194] Loss: 0.0068
Epoch [5/100], Step [1700/3194] Loss: 0.0069
Epoch [5/100], Step [1800/3194] Loss: 0.0068
Epoch [5/100], Step [1900/3194] Loss: 0.0068
/home/elicer/.local/lib/python3.10/site-packages/PIL/TiffImagePlugin.py:949: UserWarning: Truncated File Read
  warnings.warn(str(msg))
Epoch [5/100], Step [2000/3194] Loss: 0.0068
Epoch [5/100], Step [2100/3194] Loss: 0.0068
/home/elicer/.local/lib/python3.10/site-packages/PIL/TiffImagePlugin.py:949: UserWarning: Truncated File Read
  warnings.warn(str(msg))
/home/elicer/.local/lib/python3.10/site-packages/PIL/TiffImagePlugin.py:949: UserWarning: Truncated File Read
  warnings.warn(str(msg))
Epoch [5/100], Step [2200/3194] Loss: 0.0068
Epoch [5/100], Step [2300/3194] Loss: 0.0068
Epoch [5/100], Step [2400/3194] Loss: 0.0068
Epoch [5/100], Step [2500/3194] Loss: 0.0068
Epoch [5/100], Step [2600/3194] Loss: 0.0068
Epoch [5/100], Step [2700/3194] Loss: 0.0068
Epoch [5/100], Step [2800/3194] Loss: 0.0068
/home/elicer/.local/lib/python3.10/site-packages/PIL/TiffImagePlugin.py:949: UserWarning: Truncated File Read
  warnings.warn(str(msg))
Epoch [5/100], Step [2900/3194] Loss: 0.0068
Epoch [5/100], Step [3000/3194] Loss: 0.0068
Epoch [5/100], Step [3100/3194] Loss: 0.0068
/home/elicer/.local/lib/python3.10/site-packages/PIL/TiffImagePlugin.py:949: UserWarning: Truncated File Read
  warnings.warn(str(msg))
/home/elicer/.local/lib/python3.10/site-packages/PIL/TiffImagePlugin.py:949: UserWarning: Truncated File Read
  warnings.warn(str(msg))
Epoch [5/100] Validation Loss: 0.0068 Validation MAE: 0.4328
Best model saved.
Epoch [6/100], Step [100/3194] Loss: 0.0065
/home/elicer/.local/lib/python3.10/site-packages/PIL/TiffImagePlugin.py:949: UserWarning: Truncated File Read
  warnings.warn(str(msg))
Epoch [6/100], Step [200/3194] Loss: 0.0064
Epoch [6/100], Step [300/3194] Loss: 0.0065
Epoch [6/100], Step [400/3194] Loss: 0.0065
Epoch [6/100], Step [500/3194] Loss: 0.0065
Epoch [6/100], Step [600/3194] Loss: 0.0065
Epoch [6/100], Step [700/3194] Loss: 0.0065
/home/elicer/.local/lib/python3.10/site-packages/PIL/TiffImagePlugin.py:949: UserWarning: Truncated File Read
  warnings.warn(str(msg))
Epoch [6/100], Step [800/3194] Loss: 0.0065
Epoch [6/100], Step [900/3194] Loss: 0.0065
Epoch [6/100], Step [1000/3194] Loss: 0.0065
Epoch [6/100], Step [1100/3194] Loss: 0.0065
/home/elicer/.local/lib/python3.10/site-packages/PIL/TiffImagePlugin.py:949: UserWarning: Truncated File Read
  warnings.warn(str(msg))
/home/elicer/.local/lib/python3.10/site-packages/PIL/TiffImagePlugin.py:949: UserWarning: Truncated File Read
  warnings.warn(str(msg))
Epoch [6/100], Step [1200/3194] Loss: 0.0065
Epoch [6/100], Step [1300/3194] Loss: 0.0065
/home/elicer/.local/lib/python3.10/site-packages/PIL/TiffImagePlugin.py:949: UserWarning: Truncated File Read
  warnings.warn(str(msg))
Epoch [6/100], Step [1400/3194] Loss: 0.0065
/home/elicer/.local/lib/python3.10/site-packages/PIL/TiffImagePlugin.py:949: UserWarning: Truncated File Read
  warnings.warn(str(msg))
/home/elicer/.local/lib/python3.10/site-packages/PIL/TiffImagePlugin.py:949: UserWarning: Truncated File Read
  warnings.warn(str(msg))
Epoch [6/100], Step [1500/3194] Loss: 0.0065
Epoch [6/100], Step [1600/3194] Loss: 0.0065
Epoch [6/100], Step [1700/3194] Loss: 0.0065
Epoch [6/100], Step [1800/3194] Loss: 0.0065
/home/elicer/.local/lib/python3.10/site-packages/PIL/TiffImagePlugin.py:949: UserWarning: Truncated File Read
  warnings.warn(str(msg))
Epoch [6/100], Step [1900/3194] Loss: 0.0065
Epoch [6/100], Step [2000/3194] Loss: 0.0065
Epoch [6/100], Step [2100/3194] Loss: 0.0065
Epoch [6/100], Step [2200/3194] Loss: 0.0065
/home/elicer/.local/lib/python3.10/site-packages/PIL/TiffImagePlugin.py:949: UserWarning: Truncated File Read
  warnings.warn(str(msg))
Epoch [6/100], Step [2300/3194] Loss: 0.0065
/home/elicer/.local/lib/python3.10/site-packages/PIL/TiffImagePlugin.py:949: UserWarning: Truncated File Read
  warnings.warn(str(msg))
Epoch [6/100], Step [2400/3194] Loss: 0.0064
Epoch [6/100], Step [2500/3194] Loss: 0.0065
/home/elicer/.local/lib/python3.10/site-packages/PIL/TiffImagePlugin.py:949: UserWarning: Truncated File Read
  warnings.warn(str(msg))
Epoch [6/100], Step [2600/3194] Loss: 0.0064
/home/elicer/.local/lib/python3.10/site-packages/PIL/TiffImagePlugin.py:949: UserWarning: Truncated File Read
  warnings.warn(str(msg))
Epoch [6/100], Step [2700/3194] Loss: 0.0065
Epoch [6/100], Step [2800/3194] Loss: 0.0065
Epoch [6/100], Step [2900/3194] Loss: 0.0065
Epoch [6/100], Step [3000/3194] Loss: 0.0065
/home/elicer/.local/lib/python3.10/site-packages/PIL/TiffImagePlugin.py:949: UserWarning: Truncated File Read
  warnings.warn(str(msg))
Epoch [6/100], Step [3100/3194] Loss: 0.0065
/home/elicer/.local/lib/python3.10/site-packages/PIL/TiffImagePlugin.py:949: UserWarning: Truncated File Read
  warnings.warn(str(msg))
/home/elicer/.local/lib/python3.10/site-packages/PIL/TiffImagePlugin.py:949: UserWarning: Truncated File Read
  warnings.warn(str(msg))
Epoch [6/100] Validation Loss: 0.0067 Validation MAE: 0.4282
Best model saved.
Epoch [7/100], Step [100/3194] Loss: 0.0060
/home/elicer/.local/lib/python3.10/site-packages/PIL/TiffImagePlugin.py:949: UserWarning: Truncated File Read
  warnings.warn(str(msg))
Epoch [7/100], Step [200/3194] Loss: 0.0061
Epoch [7/100], Step [300/3194] Loss: 0.0061
Epoch [7/100], Step [400/3194] Loss: 0.0061
/home/elicer/.local/lib/python3.10/site-packages/PIL/TiffImagePlugin.py:949: UserWarning: Truncated File Read
  warnings.warn(str(msg))
/home/elicer/.local/lib/python3.10/site-packages/PIL/TiffImagePlugin.py:949: UserWarning: Truncated File Read
  warnings.warn(str(msg))
Epoch [7/100], Step [500/3194] Loss: 0.0061
/home/elicer/.local/lib/python3.10/site-packages/PIL/TiffImagePlugin.py:949: UserWarning: Truncated File Read
  warnings.warn(str(msg))
Epoch [7/100], Step [600/3194] Loss: 0.0062
Epoch [7/100], Step [700/3194] Loss: 0.0062
/home/elicer/.local/lib/python3.10/site-packages/PIL/TiffImagePlugin.py:949: UserWarning: Truncated File Read
  warnings.warn(str(msg))
Epoch [7/100], Step [800/3194] Loss: 0.0062
/home/elicer/.local/lib/python3.10/site-packages/PIL/TiffImagePlugin.py:949: UserWarning: Truncated File Read
  warnings.warn(str(msg))
Epoch [7/100], Step [900/3194] Loss: 0.0062
Epoch [7/100], Step [1000/3194] Loss: 0.0062
/home/elicer/.local/lib/python3.10/site-packages/PIL/TiffImagePlugin.py:949: UserWarning: Truncated File Read
  warnings.warn(str(msg))
Epoch [7/100], Step [1100/3194] Loss: 0.0062
Epoch [7/100], Step [1200/3194] Loss: 0.0062
/home/elicer/.local/lib/python3.10/site-packages/PIL/TiffImagePlugin.py:949: UserWarning: Truncated File Read
  warnings.warn(str(msg))
Epoch [7/100], Step [1300/3194] Loss: 0.0062
Epoch [7/100], Step [1400/3194] Loss: 0.0062
Epoch [7/100], Step [1500/3194] Loss: 0.0062
Epoch [7/100], Step [1600/3194] Loss: 0.0062
Epoch [7/100], Step [1700/3194] Loss: 0.0062
Epoch [7/100], Step [1800/3194] Loss: 0.0062
/home/elicer/.local/lib/python3.10/site-packages/PIL/TiffImagePlugin.py:949: UserWarning: Truncated File Read
  warnings.warn(str(msg))
Epoch [7/100], Step [1900/3194] Loss: 0.0062
Epoch [7/100], Step [2000/3194] Loss: 0.0062
/home/elicer/.local/lib/python3.10/site-packages/PIL/TiffImagePlugin.py:949: UserWarning: Truncated File Read
  warnings.warn(str(msg))
Epoch [7/100], Step [2100/3194] Loss: 0.0062
Epoch [7/100], Step [2200/3194] Loss: 0.0062
Epoch [7/100], Step [2300/3194] Loss: 0.0062
/home/elicer/.local/lib/python3.10/site-packages/PIL/TiffImagePlugin.py:949: UserWarning: Truncated File Read
  warnings.warn(str(msg))
Epoch [7/100], Step [2400/3194] Loss: 0.0062
Epoch [7/100], Step [2500/3194] Loss: 0.0062
Epoch [7/100], Step [2600/3194] Loss: 0.0062
Epoch [7/100], Step [2700/3194] Loss: 0.0062
Epoch [7/100], Step [2800/3194] Loss: 0.0062
/home/elicer/.local/lib/python3.10/site-packages/PIL/TiffImagePlugin.py:949: UserWarning: Truncated File Read
  warnings.warn(str(msg))
Epoch [7/100], Step [2900/3194] Loss: 0.0062
Epoch [7/100], Step [3000/3194] Loss: 0.0062
/home/elicer/.local/lib/python3.10/site-packages/PIL/TiffImagePlugin.py:949: UserWarning: Truncated File Read
  warnings.warn(str(msg))
Epoch [7/100], Step [3100/3194] Loss: 0.0062
/home/elicer/.local/lib/python3.10/site-packages/PIL/TiffImagePlugin.py:949: UserWarning: Truncated File Read
  warnings.warn(str(msg))
/home/elicer/.local/lib/python3.10/site-packages/PIL/TiffImagePlugin.py:949: UserWarning: Truncated File Read
  warnings.warn(str(msg))
Epoch [7/100] Validation Loss: 0.0066 Validation MAE: 0.4251
Best model saved.
Epoch [8/100], Step [100/3194] Loss: 0.0061
/home/elicer/.local/lib/python3.10/site-packages/PIL/TiffImagePlugin.py:949: UserWarning: Truncated File Read
  warnings.warn(str(msg))
Epoch [8/100], Step [200/3194] Loss: 0.0061
Epoch [8/100], Step [300/3194] Loss: 0.0061
Epoch [8/100], Step [400/3194] Loss: 0.0060
/home/elicer/.local/lib/python3.10/site-packages/PIL/TiffImagePlugin.py:949: UserWarning: Truncated File Read
  warnings.warn(str(msg))
/home/elicer/.local/lib/python3.10/site-packages/PIL/TiffImagePlugin.py:949: UserWarning: Truncated File Read
  warnings.warn(str(msg))
/home/elicer/.local/lib/python3.10/site-packages/PIL/TiffImagePlugin.py:949: UserWarning: Truncated File Read
  warnings.warn(str(msg))
Epoch [8/100], Step [500/3194] Loss: 0.0060
Epoch [8/100], Step [600/3194] Loss: 0.0060
Epoch [8/100], Step [700/3194] Loss: 0.0060
Epoch [8/100], Step [800/3194] Loss: 0.0060
Epoch [8/100], Step [900/3194] Loss: 0.0060
Epoch [8/100], Step [1000/3194] Loss: 0.0060
/home/elicer/.local/lib/python3.10/site-packages/PIL/TiffImagePlugin.py:949: UserWarning: Truncated File Read
  warnings.warn(str(msg))
Epoch [8/100], Step [1100/3194] Loss: 0.0060
Epoch [8/100], Step [1200/3194] Loss: 0.0060
Epoch [8/100], Step [1300/3194] Loss: 0.0060
Epoch [8/100], Step [1400/3194] Loss: 0.0060
Epoch [8/100], Step [1500/3194] Loss: 0.0060
Epoch [8/100], Step [1600/3194] Loss: 0.0060
Epoch [8/100], Step [1700/3194] Loss: 0.0060
/home/elicer/.local/lib/python3.10/site-packages/PIL/TiffImagePlugin.py:949: UserWarning: Truncated File Read
  warnings.warn(str(msg))
Epoch [8/100], Step [1800/3194] Loss: 0.0060
Epoch [8/100], Step [1900/3194] Loss: 0.0060
/home/elicer/.local/lib/python3.10/site-packages/PIL/TiffImagePlugin.py:949: UserWarning: Truncated File Read
  warnings.warn(str(msg))
Epoch [8/100], Step [2000/3194] Loss: 0.0060
/home/elicer/.local/lib/python3.10/site-packages/PIL/TiffImagePlugin.py:949: UserWarning: Truncated File Read
  warnings.warn(str(msg))
Epoch [8/100], Step [2100/3194] Loss: 0.0060
Epoch [8/100], Step [2200/3194] Loss: 0.0060
Epoch [8/100], Step [2300/3194] Loss: 0.0060
Epoch [8/100], Step [2400/3194] Loss: 0.0060
Epoch [8/100], Step [2500/3194] Loss: 0.0060
/home/elicer/.local/lib/python3.10/site-packages/PIL/TiffImagePlugin.py:949: UserWarning: Truncated File Read
  warnings.warn(str(msg))
Epoch [8/100], Step [2600/3194] Loss: 0.0060
/home/elicer/.local/lib/python3.10/site-packages/PIL/TiffImagePlugin.py:949: UserWarning: Truncated File Read
  warnings.warn(str(msg))
Epoch [8/100], Step [2700/3194] Loss: 0.0060
/home/elicer/.local/lib/python3.10/site-packages/PIL/TiffImagePlugin.py:949: UserWarning: Truncated File Read
  warnings.warn(str(msg))
Epoch [8/100], Step [2800/3194] Loss: 0.0060
/home/elicer/.local/lib/python3.10/site-packages/PIL/TiffImagePlugin.py:949: UserWarning: Truncated File Read
  warnings.warn(str(msg))
/home/elicer/.local/lib/python3.10/site-packages/PIL/TiffImagePlugin.py:949: UserWarning: Truncated File Read
  warnings.warn(str(msg))
Epoch [8/100], Step [2900/3194] Loss: 0.0060
Epoch [8/100], Step [3000/3194] Loss: 0.0060
Epoch [8/100], Step [3100/3194] Loss: 0.0060
/home/elicer/.local/lib/python3.10/site-packages/PIL/TiffImagePlugin.py:949: UserWarning: Truncated File Read
  warnings.warn(str(msg))
/home/elicer/.local/lib/python3.10/site-packages/PIL/TiffImagePlugin.py:949: UserWarning: Truncated File Read
  warnings.warn(str(msg))
Epoch [8/100] Validation Loss: 0.0066 Validation MAE: 0.4231
Best model saved.
/home/elicer/.local/lib/python3.10/site-packages/PIL/TiffImagePlugin.py:949: UserWarning: Truncated File Read
  warnings.warn(str(msg))
Epoch [9/100], Step [100/3194] Loss: 0.0056
Epoch [9/100], Step [200/3194] Loss: 0.0057
Epoch [9/100], Step [300/3194] Loss: 0.0057
Epoch [9/100], Step [400/3194] Loss: 0.0058
Epoch [9/100], Step [500/3194] Loss: 0.0057
Epoch [9/100], Step [600/3194] Loss: 0.0057
Epoch [9/100], Step [700/3194] Loss: 0.0057
Epoch [9/100], Step [800/3194] Loss: 0.0058
/home/elicer/.local/lib/python3.10/site-packages/PIL/TiffImagePlugin.py:949: UserWarning: Truncated File Read
  warnings.warn(str(msg))
Epoch [9/100], Step [900/3194] Loss: 0.0058
/home/elicer/.local/lib/python3.10/site-packages/PIL/TiffImagePlugin.py:949: UserWarning: Truncated File Read
  warnings.warn(str(msg))
Epoch [9/100], Step [1000/3194] Loss: 0.0057
Epoch [9/100], Step [1100/3194] Loss: 0.0058
Epoch [9/100], Step [1200/3194] Loss: 0.0058
Epoch [9/100], Step [1300/3194] Loss: 0.0058
/home/elicer/.local/lib/python3.10/site-packages/PIL/TiffImagePlugin.py:949: UserWarning: Truncated File Read
  warnings.warn(str(msg))
Epoch [9/100], Step [1400/3194] Loss: 0.0058
/home/elicer/.local/lib/python3.10/site-packages/PIL/TiffImagePlugin.py:949: UserWarning: Truncated File Read
  warnings.warn(str(msg))
Epoch [9/100], Step [1500/3194] Loss: 0.0058
/home/elicer/.local/lib/python3.10/site-packages/PIL/TiffImagePlugin.py:949: UserWarning: Truncated File Read
  warnings.warn(str(msg))
Epoch [9/100], Step [1600/3194] Loss: 0.0058
Epoch [9/100], Step [1700/3194] Loss: 0.0058
Epoch [9/100], Step [1800/3194] Loss: 0.0058
Epoch [9/100], Step [1900/3194] Loss: 0.0058
Epoch [9/100], Step [2000/3194] Loss: 0.0058
Epoch [9/100], Step [2100/3194] Loss: 0.0058
Epoch [9/100], Step [2200/3194] Loss: 0.0058
/home/elicer/.local/lib/python3.10/site-packages/PIL/TiffImagePlugin.py:949: UserWarning: Truncated File Read
  warnings.warn(str(msg))
Epoch [9/100], Step [2300/3194] Loss: 0.0058
/home/elicer/.local/lib/python3.10/site-packages/PIL/TiffImagePlugin.py:949: UserWarning: Truncated File Read
  warnings.warn(str(msg))
Epoch [9/100], Step [2400/3194] Loss: 0.0058
Epoch [9/100], Step [2500/3194] Loss: 0.0058
/home/elicer/.local/lib/python3.10/site-packages/PIL/TiffImagePlugin.py:949: UserWarning: Truncated File Read
  warnings.warn(str(msg))
Epoch [9/100], Step [2600/3194] Loss: 0.0058
Epoch [9/100], Step [2700/3194] Loss: 0.0058
/home/elicer/.local/lib/python3.10/site-packages/PIL/TiffImagePlugin.py:949: UserWarning: Truncated File Read
  warnings.warn(str(msg))
Epoch [9/100], Step [2800/3194] Loss: 0.0058
/home/elicer/.local/lib/python3.10/site-packages/PIL/TiffImagePlugin.py:949: UserWarning: Truncated File Read
  warnings.warn(str(msg))
Epoch [9/100], Step [2900/3194] Loss: 0.0058
Epoch [9/100], Step [3000/3194] Loss: 0.0058
/home/elicer/.local/lib/python3.10/site-packages/PIL/TiffImagePlugin.py:949: UserWarning: Truncated File Read
  warnings.warn(str(msg))
Epoch [9/100], Step [3100/3194] Loss: 0.0058
/home/elicer/.local/lib/python3.10/site-packages/PIL/TiffImagePlugin.py:949: UserWarning: Truncated File Read
  warnings.warn(str(msg))
/home/elicer/.local/lib/python3.10/site-packages/PIL/TiffImagePlugin.py:949: UserWarning: Truncated File Read
  warnings.warn(str(msg))
/home/elicer/.local/lib/python3.10/site-packages/PIL/TiffImagePlugin.py:949: UserWarning: Truncated File Read
  warnings.warn(str(msg))
Epoch [9/100] Validation Loss: 0.0065 Validation MAE: 0.4223
Best model saved.
/home/elicer/.local/lib/python3.10/site-packages/PIL/TiffImagePlugin.py:949: UserWarning: Truncated File Read
  warnings.warn(str(msg))
Epoch [10/100], Step [100/3194] Loss: 0.0054
Epoch [10/100], Step [200/3194] Loss: 0.0054
Epoch [10/100], Step [300/3194] Loss: 0.0055
Epoch [10/100], Step [400/3194] Loss: 0.0055
/home/elicer/.local/lib/python3.10/site-packages/PIL/TiffImagePlugin.py:949: UserWarning: Truncated File Read
  warnings.warn(str(msg))
Epoch [10/100], Step [500/3194] Loss: 0.0055
Epoch [10/100], Step [600/3194] Loss: 0.0055
/home/elicer/.local/lib/python3.10/site-packages/PIL/TiffImagePlugin.py:949: UserWarning: Truncated File Read
  warnings.warn(str(msg))
/home/elicer/.local/lib/python3.10/site-packages/PIL/TiffImagePlugin.py:949: UserWarning: Truncated File Read
  warnings.warn(str(msg))
Epoch [10/100], Step [700/3194] Loss: 0.0055
Epoch [10/100], Step [800/3194] Loss: 0.0055
Epoch [10/100], Step [900/3194] Loss: 0.0055
Epoch [10/100], Step [1000/3194] Loss: 0.0055
Epoch [10/100], Step [1100/3194] Loss: 0.0055
Epoch [10/100], Step [1200/3194] Loss: 0.0055
Epoch [10/100], Step [1300/3194] Loss: 0.0055
Epoch [10/100], Step [1400/3194] Loss: 0.0055
Epoch [10/100], Step [1500/3194] Loss: 0.0055
/home/elicer/.local/lib/python3.10/site-packages/PIL/TiffImagePlugin.py:949: UserWarning: Truncated File Read
  warnings.warn(str(msg))
Epoch [10/100], Step [1600/3194] Loss: 0.0055
/home/elicer/.local/lib/python3.10/site-packages/PIL/TiffImagePlugin.py:949: UserWarning: Truncated File Read
  warnings.warn(str(msg))
Epoch [10/100], Step [1700/3194] Loss: 0.0055
Epoch [10/100], Step [1800/3194] Loss: 0.0055
Epoch [10/100], Step [1900/3194] Loss: 0.0055
Epoch [10/100], Step [2000/3194] Loss: 0.0055
/home/elicer/.local/lib/python3.10/site-packages/PIL/TiffImagePlugin.py:949: UserWarning: Truncated File Read
  warnings.warn(str(msg))
Epoch [10/100], Step [2100/3194] Loss: 0.0055
/home/elicer/.local/lib/python3.10/site-packages/PIL/TiffImagePlugin.py:949: UserWarning: Truncated File Read
  warnings.warn(str(msg))
Epoch [10/100], Step [2200/3194] Loss: 0.0055
/home/elicer/.local/lib/python3.10/site-packages/PIL/TiffImagePlugin.py:949: UserWarning: Truncated File Read
  warnings.warn(str(msg))
Epoch [10/100], Step [2300/3194] Loss: 0.0055
/home/elicer/.local/lib/python3.10/site-packages/PIL/TiffImagePlugin.py:949: UserWarning: Truncated File Read
  warnings.warn(str(msg))
Epoch [10/100], Step [2400/3194] Loss: 0.0055
Epoch [10/100], Step [2500/3194] Loss: 0.0055
Epoch [10/100], Step [2600/3194] Loss: 0.0055
/home/elicer/.local/lib/python3.10/site-packages/PIL/TiffImagePlugin.py:949: UserWarning: Truncated File Read
  warnings.warn(str(msg))
/home/elicer/.local/lib/python3.10/site-packages/PIL/TiffImagePlugin.py:949: UserWarning: Truncated File Read
  warnings.warn(str(msg))
Epoch [10/100], Step [2700/3194] Loss: 0.0055
Epoch [10/100], Step [2800/3194] Loss: 0.0055
Epoch [10/100], Step [2900/3194] Loss: 0.0055
/home/elicer/.local/lib/python3.10/site-packages/PIL/TiffImagePlugin.py:949: UserWarning: Truncated File Read
  warnings.warn(str(msg))
Epoch [10/100], Step [3000/3194] Loss: 0.0055
Epoch [10/100], Step [3100/3194] Loss: 0.0055
/home/elicer/.local/lib/python3.10/site-packages/PIL/TiffImagePlugin.py:949: UserWarning: Truncated File Read
  warnings.warn(str(msg))
/home/elicer/.local/lib/python3.10/site-packages/PIL/TiffImagePlugin.py:949: UserWarning: Truncated File Read
  warnings.warn(str(msg))
Epoch [10/100] Validation Loss: 0.0066 Validation MAE: 0.4232
Early stop counter: 1/3
Epoch [11/100], Step [100/3194] Loss: 0.0056
Epoch [11/100], Step [200/3194] Loss: 0.0055
Epoch [11/100], Step [300/3194] Loss: 0.0054
Epoch [11/100], Step [400/3194] Loss: 0.0054
Epoch [11/100], Step [500/3194] Loss: 0.0054
/home/elicer/.local/lib/python3.10/site-packages/PIL/TiffImagePlugin.py:949: UserWarning: Truncated File Read
  warnings.warn(str(msg))
/home/elicer/.local/lib/python3.10/site-packages/PIL/TiffImagePlugin.py:949: UserWarning: Truncated File Read
  warnings.warn(str(msg))
Epoch [11/100], Step [600/3194] Loss: 0.0054
Epoch [11/100], Step [700/3194] Loss: 0.0054
Epoch [11/100], Step [800/3194] Loss: 0.0054
Epoch [11/100], Step [900/3194] Loss: 0.0054
/home/elicer/.local/lib/python3.10/site-packages/PIL/TiffImagePlugin.py:949: UserWarning: Truncated File Read
  warnings.warn(str(msg))
/home/elicer/.local/lib/python3.10/site-packages/PIL/TiffImagePlugin.py:949: UserWarning: Truncated File Read
  warnings.warn(str(msg))
Epoch [11/100], Step [1000/3194] Loss: 0.0054
/home/elicer/.local/lib/python3.10/site-packages/PIL/TiffImagePlugin.py:949: UserWarning: Truncated File Read
  warnings.warn(str(msg))
Epoch [11/100], Step [1100/3194] Loss: 0.0054
Epoch [11/100], Step [1200/3194] Loss: 0.0053
Epoch [11/100], Step [1300/3194] Loss: 0.0053
Epoch [11/100], Step [1400/3194] Loss: 0.0054
/home/elicer/.local/lib/python3.10/site-packages/PIL/TiffImagePlugin.py:949: UserWarning: Truncated File Read
  warnings.warn(str(msg))
Epoch [11/100], Step [1500/3194] Loss: 0.0054
/home/elicer/.local/lib/python3.10/site-packages/PIL/TiffImagePlugin.py:949: UserWarning: Truncated File Read
  warnings.warn(str(msg))
Epoch [11/100], Step [1600/3194] Loss: 0.0054
Epoch [11/100], Step [1700/3194] Loss: 0.0054
/home/elicer/.local/lib/python3.10/site-packages/PIL/TiffImagePlugin.py:949: UserWarning: Truncated File Read
  warnings.warn(str(msg))
Epoch [11/100], Step [1800/3194] Loss: 0.0054
Epoch [11/100], Step [1900/3194] Loss: 0.0054
Epoch [11/100], Step [2000/3194] Loss: 0.0054
/home/elicer/.local/lib/python3.10/site-packages/PIL/TiffImagePlugin.py:949: UserWarning: Truncated File Read
  warnings.warn(str(msg))
Epoch [11/100], Step [2100/3194] Loss: 0.0054
Epoch [11/100], Step [2200/3194] Loss: 0.0054
Epoch [11/100], Step [2300/3194] Loss: 0.0054
/home/elicer/.local/lib/python3.10/site-packages/PIL/TiffImagePlugin.py:949: UserWarning: Truncated File Read
  warnings.warn(str(msg))
Epoch [11/100], Step [2400/3194] Loss: 0.0054
Epoch [11/100], Step [2500/3194] Loss: 0.0054
/home/elicer/.local/lib/python3.10/site-packages/PIL/TiffImagePlugin.py:949: UserWarning: Truncated File Read
  warnings.warn(str(msg))
Epoch [11/100], Step [2600/3194] Loss: 0.0054
/home/elicer/.local/lib/python3.10/site-packages/PIL/TiffImagePlugin.py:949: UserWarning: Truncated File Read
  warnings.warn(str(msg))
Epoch [11/100], Step [2700/3194] Loss: 0.0054
Epoch [11/100], Step [2800/3194] Loss: 0.0054
/home/elicer/.local/lib/python3.10/site-packages/PIL/TiffImagePlugin.py:949: UserWarning: Truncated File Read
  warnings.warn(str(msg))
Epoch [11/100], Step [2900/3194] Loss: 0.0054
Epoch [11/100], Step [3000/3194] Loss: 0.0054
Epoch [11/100], Step [3100/3194] Loss: 0.0054
/home/elicer/.local/lib/python3.10/site-packages/PIL/TiffImagePlugin.py:949: UserWarning: Truncated File Read
  warnings.warn(str(msg))
/home/elicer/.local/lib/python3.10/site-packages/PIL/TiffImagePlugin.py:949: UserWarning: Truncated File Read
  warnings.warn(str(msg))
Epoch [11/100] Validation Loss: 0.0066 Validation MAE: 0.4232
Early stop counter: 2/3
Epoch [12/100], Step [100/3194] Loss: 0.0051
Epoch [12/100], Step [200/3194] Loss: 0.0052
Epoch [12/100], Step [300/3194] Loss: 0.0052
Epoch [12/100], Step [400/3194] Loss: 0.0052
Epoch [12/100], Step [500/3194] Loss: 0.0052
Epoch [12/100], Step [600/3194] Loss: 0.0053
Epoch [12/100], Step [700/3194] Loss: 0.0052
Epoch [12/100], Step [800/3194] Loss: 0.0052
/home/elicer/.local/lib/python3.10/site-packages/PIL/TiffImagePlugin.py:949: UserWarning: Truncated File Read
  warnings.warn(str(msg))
Epoch [12/100], Step [900/3194] Loss: 0.0052
Epoch [12/100], Step [1000/3194] Loss: 0.0052
/home/elicer/.local/lib/python3.10/site-packages/PIL/TiffImagePlugin.py:949: UserWarning: Truncated File Read
  warnings.warn(str(msg))
/home/elicer/.local/lib/python3.10/site-packages/PIL/TiffImagePlugin.py:949: UserWarning: Truncated File Read
  warnings.warn(str(msg))
Epoch [12/100], Step [1100/3194] Loss: 0.0052
/home/elicer/.local/lib/python3.10/site-packages/PIL/TiffImagePlugin.py:949: UserWarning: Truncated File Read
  warnings.warn(str(msg))
Epoch [12/100], Step [1200/3194] Loss: 0.0052
Epoch [12/100], Step [1300/3194] Loss: 0.0052
/home/elicer/.local/lib/python3.10/site-packages/PIL/TiffImagePlugin.py:949: UserWarning: Truncated File Read
  warnings.warn(str(msg))
Epoch [12/100], Step [1400/3194] Loss: 0.0052
/home/elicer/.local/lib/python3.10/site-packages/PIL/TiffImagePlugin.py:949: UserWarning: Truncated File Read
  warnings.warn(str(msg))
Epoch [12/100], Step [1500/3194] Loss: 0.0052
/home/elicer/.local/lib/python3.10/site-packages/PIL/TiffImagePlugin.py:949: UserWarning: Truncated File Read
  warnings.warn(str(msg))
Epoch [12/100], Step [1600/3194] Loss: 0.0052
Epoch [12/100], Step [1700/3194] Loss: 0.0052
/home/elicer/.local/lib/python3.10/site-packages/PIL/TiffImagePlugin.py:949: UserWarning: Truncated File Read
  warnings.warn(str(msg))
/home/elicer/.local/lib/python3.10/site-packages/PIL/TiffImagePlugin.py:949: UserWarning: Truncated File Read
  warnings.warn(str(msg))
Epoch [12/100], Step [1800/3194] Loss: 0.0052
Epoch [12/100], Step [1900/3194] Loss: 0.0052
Epoch [12/100], Step [2000/3194] Loss: 0.0052
Epoch [12/100], Step [2100/3194] Loss: 0.0052
Epoch [12/100], Step [2200/3194] Loss: 0.0052
/home/elicer/.local/lib/python3.10/site-packages/PIL/TiffImagePlugin.py:949: UserWarning: Truncated File Read
  warnings.warn(str(msg))
Epoch [12/100], Step [2300/3194] Loss: 0.0052
Epoch [12/100], Step [2400/3194] Loss: 0.0052
/home/elicer/.local/lib/python3.10/site-packages/PIL/TiffImagePlugin.py:949: UserWarning: Truncated File Read
  warnings.warn(str(msg))
Epoch [12/100], Step [2500/3194] Loss: 0.0052
Epoch [12/100], Step [2600/3194] Loss: 0.0052
Epoch [12/100], Step [2700/3194] Loss: 0.0052
Epoch [12/100], Step [2800/3194] Loss: 0.0052
Epoch [12/100], Step [2900/3194] Loss: 0.0052
Epoch [12/100], Step [3000/3194] Loss: 0.0052
/home/elicer/.local/lib/python3.10/site-packages/PIL/TiffImagePlugin.py:949: UserWarning: Truncated File Read
  warnings.warn(str(msg))
Epoch [12/100], Step [3100/3194] Loss: 0.0052
/home/elicer/.local/lib/python3.10/site-packages/PIL/TiffImagePlugin.py:949: UserWarning: Truncated File Read
  warnings.warn(str(msg))
/home/elicer/.local/lib/python3.10/site-packages/PIL/TiffImagePlugin.py:949: UserWarning: Truncated File Read
  warnings.warn(str(msg))
/home/elicer/.local/lib/python3.10/site-packages/PIL/TiffImagePlugin.py:949: UserWarning: Truncated File Read
  warnings.warn(str(msg))
Epoch [12/100] Validation Loss: 0.0066 Validation MAE: 0.4236
Early stop counter: 3/3
Early Stopping!
/home/elicer/nima_with_ResNet50.py:456: FutureWarning: You are using `torch.load` with `weights_only=False` (the current default value), which uses the default pickle module implicitly. It is possible to construct malicious pickle data which will execute arbitrary code during unpickling (See https://github.com/pytorch/pytorch/blob/main/SECURITY.md#untrusted-models for more details). In a future release, the default value for `weights_only` will be flipped to `True`. This limits the functions that could be executed during unpickling. Arbitrary objects will no longer be allowed to be loaded via this mode unless they are explicitly allowlisted by the user via `torch.serialization.add_safe_globals`. We recommend you start setting `weights_only=True` for any use case where you don't have full control of the loaded file. Please open an issue on GitHub for any issues related to this experimental feature.
  checkpoint = torch.load("./ResNet50_best.pt", map_location=device)
MAE value of the model on the test images: 0.4209572012086404
/home/elicer/nima_with_ResNet50.py:509: FutureWarning: You are using `torch.load` with `weights_only=False` (the current default value), which uses the default pickle module implicitly. It is possible to construct malicious pickle data which will execute arbitrary code during unpickling (See https://github.com/pytorch/pytorch/blob/main/SECURITY.md#untrusted-models for more details). In a future release, the default value for `weights_only` will be flipped to `True`. This limits the functions that could be executed during unpickling. Arbitrary objects will no longer be allowed to be loaded via this mode unless they are explicitly allowlisted by the user via `torch.serialization.add_safe_globals`. We recommend you start setting `weights_only=True` for any use case where you don't have full control of the loaded file. Please open an issue on GitHub for any issues related to this experimental feature.
  checkpoint = torch.load('./ResNet50_best.pt', map_location=device)
/home/elicer/.local/lib/python3.10/site-packages/PIL/TiffImagePlugin.py:949: UserWarning: Truncated File Read
  warnings.warn(str(msg))
/home/elicer/.local/lib/python3.10/site-packages/PIL/TiffImagePlugin.py:949: UserWarning: Truncated File Read
  warnings.warn(str(msg))
--- 최종 테스트 결과 ---
Accuracy: 79.5086
LCC_mean: 0.6736
SRCC_mean: 0.6575
LCC_std: 0.2344
SRCC_std: 0.2160
EMD: 0.0476
